border_size=1
usage=map

Ms, Ms, Ms, Ms, Ms, Ms, Ms, Ms, Ms, Ms, Ms, Ms, Ms, Ms, Ms, Ms, Ms, Ms, Ms, Ms, Ms, Ms, Ms, Ms, Ms, Ms, Ms, Ms, Ms, Ms, Ms, Ms, Ms, Ms, Ms, Ms, Ms, Ms, Ms, Ms, Ms, Ms, Ms, Ms, Ms, Ms, Ms, Ms, Ms, Ms, Ms, Ms, Ms, Ms, Ms, Ms, Ms, Ms, Ms, Ms, Ms, Ms, Ms, Ms, Ms, Ms, Ms, Aa, Ms, Aa, Ms, Aa, Aa, Aa, Rb, Aa, Aa, Ms, Ms, Ms, Ms, Ms, Ms, Ms, Ms, Ms, Ms, Ms, Ms, Ms, Ms, Ms, Ms, Ms, Ms, Ms, Ms, Ms, Ms, Ms, Ms, Ms, Ms, Ms, Ms, Ms, Ms, Ms, Ms, Ms, Ms, Ms, Ms, Ms, Ms, Ms, Ms, Ms, Ms, Ms, Ms, Ms, Ms, Ms, Ms, Ms, Ms, Ms, Ms, Ms
Ms, Ms, Ms, Ms, Ms, Ms, Ms, Ms, Ms, Ms, Ms, Ms, Ms, Ms, Ms, Ms, Ms, Ms, Ms, Ms, Ms, Ms, Ms, Ms, Ms, Ms, Ms, Ms, Ms, Ms, Ms, Ms, Ms, Ms, Ms, Ms, Ms, Ms, Ms, Ms, Ms, Ms, Ms, Ms, Ms, Ms, Ms, Ms, Ms, Ms, Ms, Ms, Ms, Ms, Ms, Ms, Ms, Ms, Ms, Ms, Ms, Ms, Ms, Ms, Ms, Ms, Ms, Ms, Ms, Ms, Ms, Ms, Ms, Aa, Rb, Rb, Aa, Ms, Ms, Ms, Ms, Ms, Ms, Ms, Ms, Ms, Ms, Ms, Ms, Ms, Ms, Ms, Ms, Ms, Ms, Ms, Ms, Ms, Ms, Ms, Ms, Ms, Ms, Ms, Ms, Ms, Ms, Ms, Ms, Ms, Ms, Ms, Ms, Ms, Ms, Ms, Ms, Ms, Ms, Ms, Ms, Ms, Ms, Ms, Ms, Ms, Ms, Ms, Ms, Ms
Ms, Ms, Ms, Ms, Ms, Ms, Ms, Ms, Ms, Ms, Ms, Ms, Ms, Ms, Ms, Ms, Ms, Ms, Ms, Ms, Ms, Ms, Ms, Ms, Ms, Ms, Ms, Ms, Ms, Ms, Ms, Ms, Ms, Ms, Ms, Ms, Ms, Ms, Ms, Ms, Ms, Ms, Ms, Ms, Ms, Ms, Ms, Ms, Ms, Ms, Ms, Ms, Ms, Ms, Ms, Ms, Ms, Ms, Ms, Ms, Ms, Ms, Ms, Ms, Ms, Ms, Ms, Ms, Ms, Ms, Ms, Ms, Ms, Ms, Aa, Rb, Aa, Aa, Aa, Aa, Aa, Ms, Ms, Ms, Ms, Ms, Ms, Ms, Ms, Ms, Ms, Ms, Ms, Ms, Ms, Ms, Ms, Ms, Ms, Ms, Ms, Ms, Ms, Ms, Ms, Ms, Ms, Ms, Ms, Ms, Ms, Ms, Ms, Ms, Ms, Ms, Ms, Ms, Ms, Ms, Ms, Ms, Ms, Ms, Ms, Ms, Ms, Ms, Ms, Ms
Ms, Ms, Ms, Ms, Ms, Ms, Ms, Ms, Ms, Ms, Ms, Ms, Ms, Ms, Ms, Ms, Ms, Ms, Ms, Ms, Ms, Ms, Ms, Ms, Ms, Ms, Ms, Ms, Ms, Ms, Ms, Ms, Ms, Ms, Ms, Ms, Ms, Ms, Ms, Ms, Ms, Ms, Ms, Ms, Ms, Ms, Ms, Ms, Ms, Ms, Ms, Ms, Ms, Ms, Ms, Ms, Ms, Ms, Ms, Ms, Ms, Ms, Ms, Ms, Ms, Ms, Ms, Ms, Ms, Ms, Ms, Ms, Ms, Ms, Ms, Aa, Aa, Rb, Rb, Rb, Rb, Aa, Aa, Ms, Ms, Ms, Ms, Ms, Ms, Ms, Ms, Ms, Ms, Ms, Ms, Ms, Ms, Ms, Ms, Ms, Ms, Ms, Ms, Ms, Ms, Ms, Ms, Ms, Ms, Ms, Ms, Ms, Ms, Ms, Ms, Ms, Ms, Ms, Ms, Ms, Ms, Ms, Ms, Ms, Ms, Ms, Ms, Ms, Ms, Ms
Ms, Ms, Ms, Ms, Ms, Ms, Ms, Ms, Ms, Ms, Ms, Ms, Ms, Ms, Ms, Ms, Ms, Ms, Ms, Ms, Ms, Ms, Ms, Ms, Ms, Ms, Ms, Ms, Ms, Ms, Ms, Ms, Ms, Ms, Ms, Ms, Ms, Ms, Ms, Ms, Ms, Ms, Ms, Ms, Ms, Ms, Ms, Ms, Ms, Ms, Ms, Ms, Ms, Ms, Ms, Ms, Ms, Ms, Ms, Ms, Ms, Ms, Ms, Ms, Ms, Ms, Ms, Ms, Ms, Ms, Ms, Ms, Ms, Ms, Ms, Ms, Ms, Aa, Aa, Rb, Rb, Aa, Aa, Aa, Aa, Ms, Ms, Ms, Ms, Ms, Ms, Ms, Ms, Ms, Ms, Ms, Ms, Ms, Ms, Ms, Ms, Ms, Ms, Ms, Ms, Ms, Ms, Ms, Ms, Ms, Ms, Ms, Ms, Ms, Ms, Ms, Ms, Ms, Ms, Ms, Ms, Ms, Ms, Ms, Ms, Ms, Ms, Ms, Ms, Ms
Ms, Ms, Ms, Ms, Ms, Ms, Ms, Ms, Ms, Ms, Ms, Ms, Ms, Ms, Ms, Ms, Ms, Ms, Ms, Ms, Ms, Ms, Ms, Ms, Ms, Ms, Ms, Ms, Ms, Ms, Ms, Ms, Ms, Ms, Ms, Ms, Ms, Ms, Ms, Ms, Ms, Ms, Ms, Ms, Ms, Ms, Ms, Ms, Ms, Ms, Ms, Ms, Ms, Ms, Ms, Ms, Ms, Ms, Ms, Ms, Ms, Ms, Ms, Ms, Ms, Ms, Ms, Ms, Ms, Ms, Ms, Ms, Ms, Ms, Ms, Ms, Ms, Ms, Ms, Aa, Aa, Aa, Aa, Rb, Rb, Aa, Aa, Ms, Ms, Ms, Ms, Ms, Ms, Ms, Ms, Ms, Ms, Ms, Ms, Ms, Ms, Ms, Ms, Ms, Ms, Ms, Ms, Ms, Ms, Ms, Ms, Ms, Ms, Ms, Ms, Ms, Ms, Ms, Ms, Ms, Ms, Ms, Ms, Ms, Ms, Ms, Ms, Ms, Ms, Ms
Ms, Ms, Ms, Ms, Ms, Ms, Ms, Ms, Ms, Ms, Ms, Ms, Ms, Ms, Ms, Ms, Ms, Ms, Ms, Ms, Ms, Ms, Ms, Ms, Ms, Ms, Ms, Ms, Ms, Ms, Ms, Ms, Ms, Ms, Ms, Ms, Ms, Ms, Ms, Ms, Ms, Ms, Ms, Ms, Ms, Ms, Ms, Ms, Ms, Ms, Ms, Ms, Ms, Ms, Ms, Ms, Ms, Ms, Ms, Ms, Ms, Ms, Ms, Ms, Ms, Ms, Ms, Ms, Ms, Ms, Ms, Ms, Ms, Ms, Ms, Ms, Ms, Ms, Ms, Ms, Ms, Ms, Aa, Aa, Rb, Rb, Aa, Aa, Ms, Ms, Ms, Ms, Ms, Ms, Ms, Ms, Ms, Ms, Ms, Ms, Ms, Ms, Ms, Ms, Ms, Ms, Ms, Ms, Ms, Ms, Ms, Ms, Ms, Ms, Ms, Ms, Ms, Ms, Ms, Ms, Ms, Ms, Ms, Ms, Ms, Ms, Ms, Ms, Ms, Ms
Ms, Ms, Ms, Ms, Ms, Ms, Ms, Ms, Ms, Ms, Ms, Ms, Ms, Ms, Ms, Ms, Ms, Ms, Ms, Ms, Ms, Ms, Ms, Ms, Ms, Ms, Ms, Ms, Ms, Ms, Ms, Ms, Ms, Ms, Ms, Ms, Ms, Ms, Ms, Ms, Ms, Ms, Ms, Ms, Ms, Ms, Ms, Ms, Ms, Ms, Ms, Ms, Ms, Ms, Ms, Ms, Ms, Ms, Ms, Ms, Ms, Ms, Ms, Ms, Ms, Ms, Ms, Ms, Ms, Ms, Ms, Ms, Ms, Ms, Ms, Ms, Ms, Ms, Ms, Ms, Rb, Aa, Ms, Ms, Ms, Aa, Aa, Rb, Aa, Aa, Aa, Ms, Ms, Ms, Ms, Ms, Ms, Ms, Ms, Ms, Ms, Ms, Ms, Ms, Ms, Ms, Ms, Ms, Ms, Ms, Ms, Ms, Ms, Ms, Ms, Ms, Ms, Ms, Ms, Ms, Ms, Ms, Ms, Ms, Ms, Ms, Ms, Ms, Ms, Ms
Ms, Ms, Ms, Ms, Ms, Ms, Ms, Ms, Ms, Ms, Ms, Ms, Ms, Ms, Ms, Ms, Ms, Ms, Ms, Ms, Ms, Ms, Ms, Ms, Ms, Ms, Ms, Ms, Ms, Ms, Ms, Ms, Ms, Ms, Ms, Ms, Ms, Ms, Ms, Ms, Ms, Ms, Ms, Ms, Ms, Ms, Ms, Ms, Ms, Ms, Ms, Ms, Ms, Ms, Ms, Ms, Ms, Ms, Ms, Ms, Ms, Ms, Ms, Ms, Ms, Ms, Ms, Ms, Ms, Ms, Ms, Ms, Ms, Ms, Ms, Ms, Ms, Ms, Hhd^Vhhr, Hhd^Vhhr, Aa, Ms, Ms, Ms, Ms, Ms, Ms, Rb, Rb, Rb, Rb, Aa, Aa, Ms, Ms, Ms, Ms, Ms, Ms, Ms, Ms, Ms, Ms, Ms, Ms, Ms, Ms, Ms, Ms, Ms, Ms, Ms, Ms, Ms, Ms, Ms, Ms, Ms, Ms, Ms, Ms, Ms, Ms, Ms, Ms, Ms, Ms, Ms, Ms, Ms
Ms, Ms, Ms, Ms, Ms, Ms, Ms, Ms, Ms, Ms, Ms, Ms, Ms, Ms, Ms, Ms, Ms, Ms, Ms, Ms, Ms, Ms, Ms, Ms, Ms, Ms, Ms, Ms, Ms, Ms, Ms, Ms, Ms, Ms, Ms, Ms, Ms, Ms, Ms, Ms, Ms, Ms, Ms, Ms, Ms, Ms, Ms, Ms, Ms, Ms, Ms, Ms, Ms, Ms, Ms, Ms, Ms, Ms, Ms, Ms, Ms, Ms, Ms, Ms, Ms, Ms, Ms, Ms, Ms, Ms, Ms, Ms, Ms, Ms, Ms, Ms, Ms, Ms, Hhd^Vhhr, Hhd^Vhhr, Ms, Ms, Ms, Ms, Ms, Ms, Ms, Aa, Aa, Aa, Aa, Rb, Aa, Aa, Aa, Ms, Aa, Ms, Ms, Ms, Ms, Ms, Ms, Ms, Ms, Ms, Ms, Ms, Ms, Ms, Ms, Ms, Ms, Ms, Ms, Ms, Ms, Ms, Ms, Ms, Ms, Ms, Ms, Ms, Ms, Ms, Ms, Ms, Ms, Ms
Ms, Ms, Ms, Ms, Ms, Ms, Ms, Ms, Ms, Ms, Ms, Ms, Ms, Ms, Ms, Ms, Ms, Ms, Ms, Ms, Ms, Ms, Ms, Ms, Ms, Ms, Ms, Ms, Ms, Ms, Ms, Ms, Ms, Ms, Ms, Ms, Ms, Ms, Ms, Ms, Ms, Ms, Ms, Ms, Ms, Ms, Ms, Ms, Ms, Ms, Ms, Ms, Ms, Ms, Ms, Ms, Ms, Ms, Ms, Ms, Ms, Ms, Ms, Ms, Ms, Ms, Ms, Ms, Ms, Ms, Ms, Ms, Ms, Ms, Ms, Ms, Ms, Ms, Ms, Ms, Ms, Ms, Ms, Ms, Ms, Ms, Ms, Ms, Ms, Aa^Voa, Co, Aa, Aa, Rb, Rb, Rb, Rb, Aa, Aa, Ms, Ms, Ms, Ms, Ms, Ms, Ms, Ms, Ms, Ms, Ms, Ms, Ms, Ms, Ms, Ms, Ms, Ms, Ms, Ms, Ms, Ms, Ms, Ms, Ms, Ms, Ms, Ms, Ms, Ms, Ms
Ms, Ms, Ms, Ms, Ms, Ms, Ms, Ms, Ms, Ms, Ms, Ms, Ms, Ms, Ms, Ms, Ms, Ms, Ms, Ms, Ms, Ms, Ms, Ms, Ms, Ms, Ms, Ms, Ms, Ms, Ms, Ms, Ms, Ms, Ms, Ms, Ms, Ms, Ms, Ms, Ms, Ms, Ms, Ms, Ms, Ms, Ms, Ms, Ms, Ms, Ms, Ms, Ms, Ms, Ms, Ms, Ms, Ms, Ms, Ms, Ms, Ms, Ms, Ms, Ms, Ms, Ms, Ms, Ms, Ms, Ms, Ms, Ms, Ms, Ms, Ms, Ms, Ms, Ms, Ms, Ms, Ms, Ms, Ms, Ms, Ms, Ms, Ms, Ms, Co, Koa, Co, Aa^Voa, Rb, Aa, Rb, Rb, Rb, Aa, Aa, Aa, Ms, Ms, Ms, Ms, Ms, Aa, Ms, Aa, Ms, Aa, Ms, Ms, Ms, Ms, Ms, Ms, Ms, Ms, Ms, Ms, Ms, Ms, Ms, Ms, Ms, Ms, Ms, Ms, Ms
Ms, Ms, Ms, Ms, Ms, Ms, Ms, Ms, Ms, Ms, Ms, Ms, Ms, Ms, Ms, Ms, Ms, Ms, Ms, Ms, Ms, Ms, Ms, Ms, Ms, Ms, Ms, Ms, Ms, Ms, Ms, Ms, Ms, Ms, Ms, Ms, Ms, Ms, Ms, Ms, Ms, Ms, Ms, Ms, Ms, Ms, Ms, Ms, Ms, Ms, Ms, Ms, Ms, Ms, Ms, Ms, Ms, Ms, Ms, Ms, Ms, Ms, Ms, Ms, Ms, Ms, Ms, Ms, Ms, Ms, Ms, Ms, Ms, Ms, Ms, Ms, Ms, Ms, Ms, Ms, Ms, Ms, Ms, Ms, Ms, Ms, Ms, Ms, Aa^Voa, Co, Co, Co, Ms, Ms, Ms, Aa, Aa, Aa, Aa, Rb, Rb, Aa, Rb, Ms, Aa, Aa, Rb, Rb, Aa, Aa, Rb, Aa, Rb, Aa, Aa, Ms, Ms, Ms, Ms, Ms, Ms, Ms, Ms, Ms, Ms, Ms, Ms, Ms, Ms, Ms
Md, Ms, Ms, Ms, Ms, Ms, Ms, Ms, Ms, Ms, Ms, Ms, Ms, Ms, Ms, Ms, Ms, Ms, Ms, Ms, Ms, Ms, Ms, Ms, Ms, Ms, Ms, Ms, Ms, Ms, Ms, Ms, Ms, Ms, Ms, Ms, Ms, Ms, Ms, Ms, Ms, Ms, Ms, Ms, Ms, Ms, Ms, Ms, Ms, Ms, Ms, Ms, Ms, Ms, Ms, Ms, Ms, Ms, Ms, Ms, Ms, Ms, Ms, Ms, Ms, Ms, Ms, Ms, Ms, Ms, Ms, Ms, Ms, Ms, Ms, Ms, Ms, Ms, Ms, Ms, Ms, Ms, Ms, Ms, Ms, Ms, Ms, Ms, Ms, Ms, Ms, Aa, Ms, Ms, Ms, Ms, Ms, Ms, Ms, Aa, Aa, Aa, Aa, Aa, Rb, Rb, Aa, Aa, Rb, Aa, Aa, Rb, Rb, Aa, Aa, Aa, Ms, Ms, Ms, Ms, Ms, Ms, Ms, Ms, Ms, Ms, Ms, Ms, Ms, Ms
Md, Md, Md, Ms, Ms, Ms, Ms, Ms, Ms, Ms, Ms, Ms, Ms, Ms, Ms, Ms, Ms, Ms, Ms, Ms, Ms, Ms, Ms, Ms, Ms, Ms, Ms, Ms, Ms, Ms, Ms, Ms, Ms, Ms, Ms, Ms, Ms, Ms, Ms, Ms, Ms, Ms, Ms, Ms, Ms, Ms, Ms, Ms, Ms, Ms, Ms, Ms, Ms, Ms, Ms, Ms, Ms, Ms, Ms, Ms, Ms, Ms, Ms, Ms, Ms, Ms, Ms, Ms, Ms, Ms, Ms, Ms, Ms, Ms, Ms, Ms, Ms, Ms, Ms, Ms, Ms, Ms, Ms, Ms, Ms, Ms, Ms, Ms, Ms, Ms, Ms, Aa, Ms, Ms, Ms, Ms, Ms, Ms, Ms, Ms, Ms, Aa, Ms, Aa, Aa, Aa, Ms, Aa, Ms, Aa, Ms, Aa, Aa, Rb, Rb, Rb, Aa, Ms, Ms, Ms, Ms, Ms, Ms, Ms, Ms, Ms, Ms, Ms, Ms, Ms
Rb, Md, Md, Md, Ms, Ms, Ms, Ms, Ms, Ms, Ms, Ms, Ms, Ms, Ms, Ms, Ms, Ms, Ms, Ms, Ms, Ms, Ms, Ms, Ms, Ms, Ms, Ms, Ms, Ms, Ms, Ms, Ms, Ms, Ms, Ms, Ms, Ms, Ms, Ms, Ms, Ms, Ms, Ms, Ms, Ms, Ms, Ms, Ms, Ms, Ms, Ms, Ms, Ms, Ms, Ms, Ms, Ms, Ms, Ms, Ms, Ms, Ms, Ms, Ms, Ms, Ms, Ms, Ms, Ms, Ms, Ms, Ms, Ms, Ms, Ms, Ms, Ms, Ms, Ms, Ms, Ms, Ms, Ms, Ms, Ms, Ms, Ms, Ms, Ms, Ms, Aa, Ms, Ms, Ms, Ms, Ms, Ms, Ms, Ms, Ms, Ms, Ms, Ms, Ms, Ms, Ms, Ms, Ms, Ms, Ms, Ms, Ms, Aa, Ms, Aa, Rb, Aa, Ms, Ms, Aa, Ms, Ms, Ms, Ms, Ms, Ms, Ms, Ms, Ms
Rb, Rb, Rb, Md, Ms, Ms, Ms, Ms, Ms, Ms, Ms, Ms, Ms, Ms, Ms, Ms, Ms, Ms, Ms, Ms, Ms, Ms, Ms, Ms, Ms, Ms, Ms, Ms, Ms, Ms, Ms, Ms, Ms, Ms, Ms, Ms, Ms, Ms, Ms, Ms, Ms, Ms, Ms, Ms, Ms, Ms, Ms, Ms, Ms, Ms, Ms, Ms, Ms, Ms, Ms, Ms, Ms, Ms, Ms, Ms, Ms, Ms, Ms, Ms, Ms, Ms, Ms, Ms, Ms, Ms, Ms, Ms, Ms, Ms, Ms, Ms, Ms, Ms, Ms, Ms, Ms, Ms, Ms, Ms, Ms, Ms, Ms, Ms, Ms, Ms, Rb, Aa, Aa, Ms, Ms, Ms, Ms, Ms, Ms, Ms, Ms, Ms, Ms, Ms, Ms, Ms, Ms, Ms, Ms, Ms, Ms, Ms, Ms, Ms, Ms, Ms, Ms, Rb, Aa, Aa, Rb, Aa, Aa, Ms, Ha^Vhha, Ms, Ha^Vhha, Ms, Ms, Ms
Rb, Rb, Rb, Md, Aa, Ms, Ms, Ms, Ms, Ms, Ms, Ms, Ms, Ms, Ms, Ms, Ms, Ms, Ms, Ms, Ms, Ms, Ms, Ms, Ms, Ms, Ms, Ms, Ms, Ms, Ms, Ms, Ms, Ms, Ms, Ms, Ms, Ms, Ms, Ms, Ms, Ms, Ms, Ms, Ms, Ms, Ms, Ms, Ms, Ms, Ms, Ms, Ms, Ms, Ms, Ms, Ms, Ms, Ms, Ms, Ms, Ms, Ms, Ms, Ms, Ms, Ms, Ms, Ms, Ms, Ms, Ms, Ms, Ms, Ms, Ms, Ms, Ms, Ms, Ms, Ms, Ms, Ms, Ms, Ms, Ms, Ms, Ms, Ms, Ms, Ms, Rb, Ms, Ms, Ms, Ms, Ms, Ms, Ms, Ms, Ms, Ms, Ms, Ms, Ms, Ms, Ms, Ms, Ms, Ms, Ms, Ms, Ms, Ms, Ms, Ms, Ms, Ms, Ms, Rb, Aa, Rb, Rb, Aa, Ms, Ms, Ms, Ha^Vhha, Aa, Ms
Rb, Rb, Rb, Aa, Aa, Aa, Rb, Aa, Aa, Aa, Aa, Ms, Ms, Ms, Aa, Ms, Ms, Ms, Ms, Ms, Ms, Ms, Ms, Ms, Ms, Ms, Ms, Ms, Ms, Ms, Ms, Ms, Ms, Ms, Ms, Ms, Ms, Ms, Ms, Ms, Ms, Ms, Ms, Ms, Ms, Ms, Ms, Ms, Ms, Ms, Ms, Ms, Ms, Ms, Ms, Ms, Ms, Ms, Ms, Ms, Ms, Ms, Ms, Ms, Ms, Ms, Ms, Ms, Ms, Ms, Ms, Ms, Ms, Ms, Ms, Ms, Ms, Ms, Ms, Ms, Ms, Ms, Ms, Ms, Ms, Ms, Ms, Ms, Ms, Ms, Aa, Rb, Ms, Ms, Ms, Ms, Ms, Ms, Ms, Ms, Ms, Ms, Ms, Ms, Ms, Ms, Ms, Ms, Ms, Ms, Ms, Ms, Ms, Ms, Ms, Ms, Ms, Ms, Ms, Ms, Ms, Aa, Aa, Aa, Rb, Ms, Aa, Aa, Aa, Aa
Rb, Rb, Rb, Rb, Rb, Rb, Aa, Aa, Rb, Aa, Aa, Ms, Rb, Aa, Rb, Aa, Ha^Vhha, Ms, Ms, Ms, Aa, Aa, Aa, Ms, Aa, Ms, Aa, Ms, Ms, Ms, Ms, Ms, Ms, Ms, Ms, Ms, Ms, Ms, Ms, Ms, Ms, Ms, Ms, Ms, Ms, Ms, Ms, Ms, Ms, Ms, Ms, Ms, Ms, Ms, Ms, Ms, Ms, Ms, Ms, Ms, Ms, Ms, Ms, Ms, Ms, Ms, Ms, Ms, Ms, Ms, Ms, Ms, Ms, Ms, Ms, Ms, Ms, Ms, Ms, Ms, Ms, Ms, Ms, Ms, Ms, Ms, Ms, Ms, Ms, Aa, Ms, Ms, Ms, Ms, Ms, Ms, Ms, Ms, Ms, Ms, Ms, Ms, Ms, Ms, Ms, Ms, Ms, Ms, Ms, Ms, Ms, Ms, Ms, Ms, Ms, Ms, Ms, Ms, Ms, Ms, Ms, Ms, Ms, Aa, Aa, Aa, Rb, Aa, Aa, Aa
Rb, Rb, Rb, Aa, Md, Aa, Aa, Rb, Aa, Rb, Aa, Aa, Rb, Aa, Aa, Aa, Aa, Rb, Rb, Rb, Aa, Aa, Rb, Rb, Rb, Aa, Aa, Ms, Ms, Ms, Ms, Ms, Ms, Ms, Ms, Ms, Ms, Ms, Ms, Ms, Ms, Ms, Ms, Ms, Ms, Ms, Ms, Ms, Ms, Ms, Ms, Ms, Ms, Ms, Ms, Ms, Ms, Ms, Ms, Ms, Ms, Ms, Ms, Ms, Ms, Ms, Ms, Ms, Ms, Ms, Ms, Ms, Ms, Ms, Ms, Ms, Ms, Ms, Ms, Ms, Ms, Ms, Ms, Ms, Ms, Ms, Ms, Ms, Aa, Aa, Ms, Ms, Ms, Ms, Ms, Ms, Ms, Ms, Ms, Ms, Ms, Ms, Ms, Ms, Ms, Ms, Ms, Ms, Ms, Ms, Ms, Ms, Ms, Ms, Ms, Ms, Ms, Ms, Ms, Ms, Ms, Ms, Ms, Rb, Rb, Rb, Aa, Aa, Aa, Aa
Rb, Rb, Rb, Md, Ms, Ms, Ms, Ms, Ms, Ms, Ms, Aa, Aa, Rb, Ms, Ms, Ms, Ms, Ms, Aa, Ms, Rb, Aa, Aa, Aa, Rb, Aa, Ms, Ms, Ms, Aa, Aa, Aa, Ms, Ms, Ms, Ms, Ms, Ms, Ms, Ms, Ms, Ms, Ms, Ms, Ms, Ms, Ms, Ms, Ms, Ms, Ms, Ms, Ms, Ms, Ms, Ms, Ms, Ms, Ms, Ms, Ms, Ms, Ms, Ms, Ms, Ms, Ms, Ms, Ms, Ms, Ms, Ms, Ms, Ms, Ms, Ms, Ms, Ms, Ms, Ms, Ms, Ms, Ms, Ms, Ms, Ms, Rb, Ms, Ms, Ms, Ms, Ms, Ms, Ms, Ms, Ms, Ms, Ms, Ms, Ms, Ms, Ms, Ms, Ms, Ms, Ms, Ms, Ms, Ms, Ms, Ms, Ms, Ms, Ms, Ms, Ms, Ms, Ms, Ms, Ms, Ms, Aa, Aa, Aa, Aa, Rb, Aa, Aa, Aa
Rb, Rb, Md, Md, Ms, Ms, Ms, Ms, Ms, Ms, Ms, Ms, Ms, Ms, Ms, Ms, Ms, Ms, Ms, Ms, Ms, Ms, Ms, Aa, Ms, Aa, Ms, Aa, Aa, Aa, Aa, Rb, Rb, Aa, Ms, Ms, Ms, Ms, Ms, Ms, Ms, Ms, Ms, Ms, Ms, Ms, Ms, Ms, Ms, Ms, Ms, Ms, Ms, Ms, Ms, Ms, Ms, Ms, Ms, Ms, Ms, Ms, Ms, Ms, Ms, Ms, Ms, Ms, Ms, Ms, Ms, Ms, Ms, Ms, Ms, Ms, Ms, Ms, Ms, Ms, Ms, Ms, Ms, Ms, Ms, Ms, Aa, Rb, Ms, Ms, Ms, Ms, Ms, Ms, Ms, Ms, Ms, Ms, Ms, Ms, Ms, Ms, Ms, Ms, Ms, Ms, Ms, Ms, Ms, Ms, Ms, Ms, Ms, Ms, Ms, Ms, Ms, Ms, Ms, Ms, Ms, Aa, Aa, Aa, Aa, Rb, Re^Vct, Aa, Aa, Aa
Md, Md, Ms, Ms, Ms, Ms, Ms, Ms, Ms, Ms, Ms, Ms, Ms, Ms, Ms, Ms, Ms, Ms, Ms, Ms, Ms, Ms, Ms, Ms, Ms, Ms, Ms, Ms, Ms, Ms, Ms, Aa, Rb, Aa, Ms, Ms, Ms, Ms, Ms, Ms, Ms, Ms, Ms, Ms, Ms, Ms, Ms, Ms, Ms, Ms, Ms, Ms, Ms, Ms, Ms, Ms, Ms, Ms, Ms, Ms, Ms, Ms, Ms, Ms, Ms, Ms, Ms, Ms, Ms, Ms, Ms, Ms, Ms, Ms, Ms, Ms, Ms, Ms, Ms, Ms, Ms, Ms, Ms, Ms, Ms, Ms, Rb, Ms, Ms, Ms, Ms, Ms, Ms, Ms, Ms, Ms, Ms, Ms, Ms, Ms, Ms, Ms, Ms, Ms, Ms, Ms, Ms, Ms, Ms, Ms, Ms, Ms, Ms, Ms, Ms, Ms, Ms, Ms, Aa, Aa, Aa, Aa, Aa, Aa, Cea, Cea, Aa^Ecf, Cea, Aa, Aa
Md, Ms, Ms, Ms, Ms, Ms, Ms, Ms, Ms, Ms, Ms, Ms, Ms, Ms, Ms, Ms, Ms, Ms, Ms, Ms, Ms, Ms, Ms, Ms, Ms, Ms, Ms, Ms, Ms, Ms, Ms, Ms, Aa, Aa, Aa, Aa, Aa, Ms, Ms, Ms, Ms, Ms, Ms, Ms, Ms, Ms, Ms, Ms, Ms, Ms, Ms, Ms, Ms, Ms, Ms, Ms, Ms, Ms, Ms, Ms, Ms, Ms, Ms, Ms, Ms, Ms, Ms, Ms, Ms, Ms, Ms, Ms, Ms, Ms, Ms, Ms, Ms, Ms, Ms, Ms, Ms, Ms, Ms, Aa, Aa, Rb, Aa, Ms, Aa, Ms, Aa, Aa, Aa, Aa, Aa, Aa, Aa, Aa, Aa, Aa, Aa, Ms, Ms, Ms, Ms, Ms, Ms, Ms, Aa, Ms, Aa, Ms, Rb, Ms, Rb, Ms, Aa, Aa, Rb, Rb, Rb, Aa, Rb, Re^Vct, Aa^Ecf, Cea, Kea, Cea, Aa, Aa
Ms, Ms, Ms, Ms, Ms, Ms, Ms, Ms, Ms, Ms, Ms, Ms, Ms, Ms, Ms, Ms, Ms, Ms, Ms, Ms, Ms, Ms, Ms, Ms, Ms, Ms, Ms, Ms, Ms, Ms, Ms, Ms, Aa, Aa, Ha^Vhha, Aa, Aa, Aa, Aa, Ms, Ha^Vhha, Ms, Ms, Ms, Ms, Ms, Ms, Ms, Ms, Ms, Ms, Ms, Ms, Ms, Ms, Ms, Ms, Ms, Ms, Ms, Ms, Ms, Ms, Ms, Ms, Ms, Ms, Ms, Ms, Ms, Ms, Ms, Ms, Ms, Ms, Ms, Ms, Ms, Ms, Ms, Ms, Ms, Aa, Aa, Rb, Rb, Aa, Aa, Rb, Rb, Rb, Rb, Aa, Aa, Rb, Aa, Aa, Rb, Rb, Aa, Aa, Ms, Ha^Vhha, Ms, Aa, Ms, Rb, Aa, Rb, Rb, Aa, Rb, Rb, Rb, Aa, Rb, Aa, Rb, Ha^Vhha, Aa, Aa, Aa, Aa, Re^Vct, Cea, Cea, Aa^Ecf, Cea, Aa, Aa
Ms, Ms, Ms, Ms, Ms, Ms, Ms, Ms, Ms, Ms, Ms, Ms, Ms, Ms, Ms, Ms, Ms, Ms, Ms, Ms, Ms, Ms, Ms, Ms, Ms, Ms, Ms, Ms, Ms, Ms, Ms, Ms, Ms, Ms, Ms, Ms, Aa, Rb, Rb, Aa, Aa, Ms, Ms, Ms, Ms, Ms, Ms, Ms, Ms, Ms, Ms, Ms, Ms, Ms, Ms, Ms, Ms, Ms, Ms, Ms, Ms, Ms, Ms, Ms, Ms, Ms, Ms, Ms, Ms, Ms, Ms, Ms, Ms, Ms, Ms, Ms, Ms, Ms, Ms, Ms, Ms, Ms, Rb, Aa, Rb, Aa, Aa, Rb, Aa, Rb, Aa, Rb, Aa, Rb, Aa, Rb, Aa, Aa, Aa, Rb, Aa, Rb, Rb, Aa, Aa, Rb, Aa, Aa, Ms, Rb, Ms, Ms, Ms, Ms, Ms, Ms, Ms, Ms, Ms, Ms, Ms, Aa, Aa, Aa, Aa, Cea, Re^Vct, Cea, Aa, Aa
Ms, Ms, Ms, Ms, Ms, Ms, Ms, Ms, Ms, Ms, Ms, Ms, Ms, Ms, Ms, Ms, Ms, Ms, Ms, Ms, Ms, Ms, Ms, Ms, Ms, Ms, Ms, Ms, Ms, Ms, Ms, Ms, Ms, Ms, Ms, Ms, Aa, Aa, Aa, Rb, Aa, Aa, Aa, Ms, Ms, Ms, Ms, Ms, Ms, Ms, Ms, Ms, Ms, Ms, Ms, Ms, Ms, Ms, Ms, Ms, Ms, Ms, Ms, Ms, Ms, Ms, Ms, Ms, Ms, Ms, Ms, Ms, Ms, Ms, Ms, Ms, Ms, Ms, Ms, Ms, Aa, Aa, Rb, Aa, Ms, Ms, Ms, Aa, Ms, Aa, Ms, Aa, Ms, Ha^Vhha, Ms, Ms, Ms, Ms, Ms, Ms, Ms, Ms, Ms, Ms, Ms, Ms, Ms, Ms, Ms, Ms, Ms, Ms, Ms, Ms, Ms, Ms, Ms, Ms, Ms, Ms, Ms, Aa, Aa, Aa, Aa, Aa, Rb, Aa, Aa, Aa
Ms, Ms, Ms, Ms, Ms, Ms, Ms, Ms, Ms, Ms, Ms, Ms, Ms, Ms, Ms, Ms, Ms, Ms, Ms, Ms, Ms, Ms, Ms, Ms, Ms, Ms, Ms, Ms, Ms, Ms, Ms, Ms, Ms, Ms, Ms, Ms, Ms, Ms, Ms, Aa, Coa, Aa, Aa, Aa, Rb, Ms, Ms, Ms, Ms, Ms, Ms, Ms, Ms, Ms, Ms, Ms, Ms, Ms, Ms, Ms, Aa, Ms, Aa, Aa, Aa, Ms, Aa, Ms, Ms, Ms, Ms, Ms, Ms, Ms, Ms, Ms, Ms, Ms, Aa, Aa, Aa, Rb, Aa, Aa, Ms, Ms, Ms, Ms, Ms, Ms, Ms, Ms, Ms, Ms, Ms, Ms, Ms, Ms, Ms, Ms, Ms, Ms, Ms, Ms, Ms, Ms, Ms, Ms, Ms, Ms, Ms, Ms, Ms, Ms, Ms, Ms, Ms, Ms, Ms, Ms, Ms, Aa, Aa, Aa, Aa, Rb, Aa, Aa, Aa, Aa
Ms, Ms, Ms, Ms, Ms, Ms, Ms, Ms, Ms, Ms, Ms, Ms, Ms, Ms, Ms, Ms, Ms, Ms, Ms, Ms, Ms, Ms, Ms, Ms, Ms, Ms, Ms, Ms, Ms, Ms, Ms, Ms, Ms, Ms, Ms, Ms, Ms, Ms, Aa^Voa, Coa, Coa, Coa, Aa, Rb, Aa, Ms, Ms, Aa^Voa, Aa, Ms, Aa, Ms, Ms, Ms, Ms, Ms, Ms, Ms, Aa, Aa, Aa, Rb, Aa, Aa, Aa, Aa, Rb, Aa, Aa, Ha^Vhha, Aa, Ms, Aa, Aa, Rb, Aa, Rb, Aa, Rb, Rb, Aa, Aa, Ms, Ms, Ms, Ms, Ms, Ms, Ms, Ms, Ms, Ms, Ms, Ms, Ms, Ms, Ms, Ms, Ms, Ms, Ms, Ms, Ms, Ms, Ms, Ms, Ms, Ms, Ms, Ms, Ms, Ms, Ms, Ms, Ms, Ms, Ms, Ms, Ms, Ms, Ms, Aa, Aa, Aa, Aa, Rb, Aa, Aa, Aa, Aa
Ms, Ms, Ms, Ms, Ms, Ms, Ms, Ms, Ms, Ms, Ms, Ms, Ms, Ms, Ms, Ms, Ms, Ms, Ms, Ms, Ms, Ms, Ms, Ms, Ms, Ms, Ms, Ms, Ms, Ms, Ms, Ms, Ms, Ms, Ms, Ms, Ms, Ms, Coa, Aa^Voa, Coa, Aa^Voa, Coa, Aa, Aa, Aa^Voa, Ms, Ms, Aa, Aa, Rb, Aa, Rb, Ms, Aa, Rb, Aa, Aa, Rb, Rb, Aa, Rb, Rb, Rb, Aa, Aa, Rb, Aa, Rb, Rb, Aa, Rb, Rb, Rb, Aa, Rb, Aa, Aa, Rb, Aa, Rb, Aa, Ms, Ms, Ms, Ms, Ms, Ms, Ms, Ms, Ms, Ms, Ms, Ms, Ms, Ms, Ms, Ms, Ms, Ms, Ms, Ms, Ms, Ms, Ms, Ms, Ms, Ms, Ms, Ms, Ms, Ms, Ms, Ms, Ms, Ms, Ms, Ms, Ms, Ms, Ms, Ms, Ms, Aa, Aa, Aa, Rb, Aa, Aa, Aa
Ms, Ms, Ms, Ms, Ms, Ms, Ms, Ms, Ms, Ms, Ms, Ms, Ms, Ms, Ms, Ms, Ms, Ms, Ms, Ms, Ms, Ms, Ms, Ms, Ms, Ms, Ms, Ms, Ms, Ms, Ms, Ms, Ms, Ms, Ms, Ms, Ms, Ms, Coa, Coa, Koa, Coa, Coa, Aa, Rb, Aa, Rb, Aa, Rb, Rb, Aa, Aa, Aa, Rb, Ms, Ms, Ms, Aa, Ms, Aa, Aa, Aa, Ms, Ha^Vhha, Ms, Rb, Ms, Aa, Aa, Rb, Aa, Rb, Aa, Aa, Aa, Aa, Aa, Aa, Ms, Aa, Aa, Ms, Ms, Ms, Ms, Ms, Ms, Ms, Ms, Ms, Ms, Ms, Ms, Ms, Ms, Ms, Ms, Ms, Ms, Ms, Ms, Ms, Ms, Ms, Ms, Ms, Ms, Ms, Ms, Ms, Ms, Ms, Ms, Ms, Ms, Ms, Ms, Ms, Ms, Ms, Ms, Ms, Ms, Aa, Aa, Aa, Rb, Aa, Aa, Aa
Ms, Ms, Ms, Ms, Ms, Ms, Ms, Ms, Ms, Ms, Ms, Ms, Ms, Ms, Ms, Ms, Ms, Ms, Ms, Ms, Ms, Ms, Ms, Ms, Ms, Ms, Ms, Ms, Ms, Ms, Ms, Ms, Ms, Ms, Ms, Ms, Ms, Ms, Coa, Coa, Coa, Coa, Coa, Rb, Aa, Rb, Aa, Aa, Ms, Aa, Ms, Aa, Ms, Ms, Ms, Ms, Ms, Ms, Ms, Ms, Ms, Ms, Ms, Ms, Ms, Ms, Ms, Ms, Ms, Aa, Ms, Aa, Ms, Ms, Ms, Ms, Ms, Ms, Ms, Ms, Aa, Rb, Rb, Ms, Ms, Ms, Ms, Ms, Ms, Ms, Ms, Ms, Ms, Ms, Ms, Ms, Ms, Ms, Ms, Ms, Ms, Ms, Ms, Ms, Ms, Ms, Ms, Ms, Ms, Ms, Ms, Ms, Ms, Ms, Ms, Ms, Ms, Ms, Ms, Ms, Ms, Ms, Aa, Aa, Rb, Rb, Aa, Aa, Aa, Aa
Ms, Ms, Ms, Ms, Ms, Ms, Ms, Ms, Ms, Ms, Ms, Ms, Ms, Ms, Ms, Ms, Ms, Ms, Ms, Ms, Ms, Ms, Ms, Ms, Ms, Ms, Ms, Ms, Ms, Ms, Ms, Ms, Ms, Ms, Ms, Ms, Ms, Ms, Aa^Voa, Aa^Voa, Coa, Aa^Voa, Aa, Aa, Aa, Aa, Rb, Aa^Voa, Aa^Voa, Ms, Ms, Ms, Ms, Ms, Ms, Ms, Ms, Ms, Ms, Ms, Ms, Ms, Ms, Ms, Ms, Ms, Ms, Ms, Ms, Ms, Ms, Ms, Ms, Ms, Ms, Ms, Ms, Ms, Ms, Ms, Ms, Rb, Rb, Ms, Ms, Ms, Ms, Ms, Ms, Ms, Ms, Ms, Ms, Ms, Ms, Ms, Ms, Ms, Ms, Ms, Ms, Ms, Ms, Ms, Ms, Ms, Ms, Ms, Ms, Ms, Ms, Ms, Ms, Ms, Ms, Ms, Ms, Ms, Ms, Ms, Aa, Aa, Aa, Aa, Aa, Aa, Ms, Aa, Aa, Aa
Ms, Ms, Ms, Ms, Ms, Ms, Ms, Ms, Ms, Ms, Ms, Ms, Ms, Ms, Ms, Ms, Ms, Ms, Ms, Ms, Ms, Ms, Ms, Ms, Ms, Ms, Ms, Ms, Ms, Ms, Ms, Ms, Ms, Ms, Ms, Ms, Ms, Ms, Ms, Coa, Coa, Coa, Aa, Aa, Aa, Aa, Aa^Voa, Ms, Ms, Ms, Ms, Ms, Ms, Ms, Ms, Ms, Ms, Ms, Ms, Ms, Ms, Ms, Ms, Ms, Ms, Ms, Ms, Ms, Ms, Ms, Ms, Ms, Ms, Ms, Ms, Ms, Ms, Ms, Ms, Ms, Ms, Ms, Ms, Rb, Aa, Ms, Ms, Ms, Ms, Ms, Ms, Ms, Ms, Ms, Ms, Ms, Ms, Ms, Ms, Ms, Ms, Ms, Ms, Ms, Ms, Ms, Ms, Ms, Ms, Ms, Ms, Ms, Ms, Ms, Ms, Ms, Ms, Ms, Rb, Aa, Rb, Rb, Rb, Rb, Ms, Ms, Ms, Ms, Ms, Ms
Ms, Ms, Ms, Ms, Ms, Ms, Ms, Ms, Ms, Ms, Ms, Ms, Ms, Ms, Ms, Ms, Ms, Ms, Ms, Ms, Ms, Ms, Ms, Ms, Ms, Ms, Ms, Ms, Ms, Ms, Ms, Ms, Ms, Ms, Ms, Ms, Ms, Ms, Ms, Ms, Aa, Aa, Aa, Rb, Aa, Ms, Ms, Ms, Ms, Ms, Ms, Ms, Ms, Ms, Ms, Ms, Ms, Ms, Ms, Ms, Ms, Ms, Ms, Ms, Ms, Ms, Ms, Ms, Ms, Ms, Ms, Ms, Ms, Ms, Ms, Ms, Ms, Ms, Ms, Ms, Ms, Ms, Ms, Ms, Rb, Rb, Ha^Vhha, Ms, Ms, Ms, Ms, Ms, Ms, Ms, Ms, Ms, Ms, Ms, Ms, Ms, Ms, Ms, Ms, Ms, Ms, Ms, Ms, Ms, Ms, Ms, Ms, Ms, Ms, Ms, Aa, Aa, Aa, Aa, Rb, Aa, Aa, Aa, Ms, Ms, Ms, Ms, Ms, Ms, Ms, Ms
Ms, Ms, Ms, Ms, Ms, Ms, Ms, Ms, Ms, Ms, Ms, Ms, Ms, Ms, Ms, Ms, Ms, Ms, Ms, Ms, Ms, Ms, Ms, Ms, Ms, Ms, Ms, Ms, Ms, Ms, Ms, Ms, Ms, Ms, Ms, Ms, Ms, Ms, Ms, Ms, Aa, Aa, Rb, Aa, Ms, Ms, Ms, Ms, Ms, Ms, Ms, Ms, Ms, Ms, Ms, Ms, Ms, Ms, Ms, Ms, Ms, Ms, Ms, Ms, Ms, Ms, Ms, Ms, Ms, Ms, Ms, Ms, Ms, Ms, Ms, Ms, Ms, Ms, Ms, Ms, Ms, Ms, Ms, Ms, Ms, Aa, Rb, Ms, Aa, Ms, Ms, Ms, Ms, Ms, Ms, Ms, Ms, Ms, Ms, Ms, Ms, Ms, Ms, Ms, Ms, Ms, Ms, Ms, Ms, Ms, Ms, Ms, Rb, Aa, Aa, Aa, Rb, Aa, Aa, Aa, Ms, Ms, Ms, Ms, Ms, Ms, Ms, Ms, Ms, Ms
Ms, Ms, Ms, Ms, Ms, Ms, Ms, Ms, Ms, Ms, Ms, Ms, Ms, Ms, Ms, Ms, Ms, Ms, Ms, Ms, Ms, Ms, Ms, Ms, Ms, Ms, Ms, Ms, Ms, Ms, Ms, Ms, Ms, Ms, Ms, Ms, Ms, Ms, Ms, Ms, Aa, Rb, Aa, Aa, Ms, Ms, Ms, Ms, Ms, Ms, Ms, Ms, Ms, Ms, Ms, Ms, Ms, Ms, Ms, Ms, Ms, Ms, Ms, Ms, Ms, Ms, Ms, Ms, Ms, Ms, Ms, Ms, Ms, Ms, Ms, Ms, Ms, Ms, Ms, Ms, Ms, Ms, Ms, Ms, Ms, Ms, Ms, Rb, Rb, Aa, Aa, Ms, Hhd^Vhhr, Ms, Ms, Ms, Ms, Ms, Ms, Ms, Ms, Ms, Ms, Ms, Ms, Ms, Ms, Ms, Ms, Ms, Aa, Rb, Rb, Rb, Aa, Rb, Aa, Aa, Ms, Ms, Ms, Ms, Ms, Ms, Ms, Ms, Ms, Ms, Ms, Ms
Ms, Ms, Ms, Ms, Ms, Ms, Ms, Ms, Ms, Ms, Ms, Ms, Ms, Ms, Ms, Ms, Ms, Ms, Ms, Ms, Ms, Ms, Ms, Ms, Ms, Ms, Ms, Ms, Ms, Ms, Ms, Ms, Ms, Ms, Ms, Ms, Ms, Ms, Ms, Aa, Rb, Rb, Aa, Ms, Ms, Ms, Ms, Ms, Ms, Ms, Ms, Ms, Ms, Ms, Ms, Ms, Ms, Ms, Ms, Ms, Ms, Ms, Ms, Ms, Ms, Ms, Ms, Ms, Ms, Ms, Ms, Ms, Ms, Ms, Ms, Ms, Ms, Ms, Ms, Ms, Ms, Ms, Ms, Ms, Ms, Ms, Ms, Ms, Ms, Ms, Ms, Rb, Rb, Ms, Ms, Ms, Ms, Ms, Ms, Ms, Ms, Ms, Ms, Ms, Ms, Ms, Ms, Ms, Aa, Aa, Rb, Aa, Aa, Aa, Ms, Aa, Ms, Ms, Ms, Ms, Ms, Ms, Ms, Ms, Ms, Ms, Ms, Ms, Ms, Ms
Ms, Ms, Ms, Ms, Ms, Ms, Ms, Ms, Ms, Ms, Ms, Ms, Ms, Ms, Ms, Ms, Ms, Ms, Ms, Ms, Ms, Ms, Ms, Ms, Ms, Ms, Ms, Ms, Ms, Ms, Ms, Ms, Ms, Ms, Ms, Ms, Ms, Ms, Aa, Aa, Aa, Aa, Ms, Ms, Ms, Ms, Ms, Ms, Ms, Ms, Ms, Ms, Ms, Ms, Ms, Ms, Ms, Ms, Ms, Ms, Ms, Ms, Ms, Ms, Ms, Ms, Ms, Ms, Ms, Ms, Ms, Ms, Ms, Ms, Ms, Ms, Ms, Ms, Ms, Ms, Ms, Ms, Ms, Ms, Ms, Ms, Ms, Ms, Ms, Ms, Ms, Ms, Aa, Ms, Ms, Ms, Ms, Ms, Ms, Ms, Ms, Ms, Ms, Ms, Ms, Ms, Aa, Rb, Rb, Aa, Aa, Rb, Ms, Ms, Ms, Ms, Ms, Ms, Ms, Ms, Ms, Ms, Ms, Ms, Ms, Ms, Ms, Ms, Ms, Ms
Md, Ms, Ms, Ms, Ms, Ms, Ms, Ms, Ms, Ms, Ms, Ms, Ms, Ms, Ms, Ms, Ms, Ms, Ms, Ms, Ms, Ms, Ms, Ms, Ms, Ms, Ms, Ms, Ms, Ms, Ms, Ms, Ms, Ms, Ms, Ms, Ms, Aa, Rb, Aa, Ms, Aa, Ms, Ms, Ms, Ms, Ms, Ms, Ms, Ms, Ms, Ms, Ms, Ms, Ms, Ms, Ms, Ms, Ms, Ms, Ms, Ms, Ms, Ms, Ms, Ms, Ms, Ms, Ms, Ms, Ms, Ms, Ms, Ms, Ms, Ms, Ms, Ms, Ms, Ms, Ms, Ms, Ms, Ms, Ms, Ms, Ms, Ms, Ms, Ms, Ms, Ms, Aa, Ms, Ms, Ms, Ms, Ms, Ms, Ms, Ms, Ms, Ms, Ms, Ms, Aa, Aa, Rb, Aa, Aa, Ms, Ms, Ms, Ms, Ms, Ms, Ms, Ms, Ms, Ms, Ms, Ms, Ms, Ms, Ms, Ms, Ms, Ms, Ms, Ms
Md, Ms, Ms, Ms, Ms, Ms, Ms, Ms, Ms, Ms, Ms, Ms, Ms, Ms, Ms, Ms, Ms, Ms, Ms, Ms, Ms, Ms, Ms, Ms, Ms, Ms, Ms, Ms, Ms, Ms, Ms, Ms, Ms, Ms, Ms, Ms, Rb, Rb, Aa, Ms, Ms, Ms, Ms, Ms, Ms, Ms, Ms, Ms, Ms, Ms, Ms, Ms, Ms, Ms, Ms, Ms, Ms, Ms, Ms, Ms, Ms, Ms, Ms, Ms, Ms, Ms, Ms, Ms, Ms, Ms, Ms, Ms, Ms, Ms, Ms, Ms, Ms, Ms, Ms, Ms, Ms, Ms, Ms, Ms, Ms, Ms, Ms, Ms, Ms, Ms, Ms, Ms, Rb, Ms, Ms, Ms, Ms, Ms, Ms, Ms, Ms, Ms, Ms, Ms, Aa, Aa, Rb, Aa, Aa, Ha^Vhha, Ms, Ms, Ms, Ms, Ms, Ms, Ms, Ms, Ms, Ms, Ms, Ms, Ms, Ms, Ms, Ms, Ms, Ms, Ms, Ms
Md, Md, Ms, Ms, Ms, Ms, Ms, Ms, Ms, Ms, Ms, Ms, Ms, Ms, Ms, Ms, Ms, Ms, Ms, Ms, Ms, Ms, Ms, Ms, Ms, Ms, Ms, Ms, Ms, Ms, Ms, Ms, Ms, Ms, Aa, Rb, Rb, Rb, Ms, Ms, Ms, Ms, Ms, Ms, Ms, Ms, Ms, Ms, Ms, Ms, Ms, Ms, Ms, Ms, Ms, Ms, Ms, Ms, Ms, Ms, Ms, Ms, Ms, Ms, Ms, Ms, Ms, Ms, Ms, Ms, Ms, Ms, Ms, Ms, Ms, Ms, Ms, Ms, Ms, Ms, Ms, Ms, Ms, Ms, Ms, Ms, Ms, Ms, Ms, Ms, Ms, Ms, Rb, Ms, Ms, Ms, Ms, Ms, Ms, Ms, Ms, Ms, Ms, Ms, Aa, Rb, Aa, Aa, Ms, Ms, Ms, Ms, Ms, Ms, Ms, Ms, Ms, Ms, Ms, Ms, Ms, Ms, Ms, Ms, Ms, Ms, Ms, Ms, Ms, Ms
Md, Md, Ms, Ms, Ms, Ms, Ms, Ms, Ms, Ms, Ms, Ms, Ms, Ms, Ms, Ms, Ms, Ms, Ms, Ms, Ms, Ms, Ms, Ms, Ms, Ms, Ms, Ms, Ms, Ms, Ms, Ms, Aa, Aa, Aa, Aa, Ms, Ms, Ms, Ms, Ms, Ms, Ms, Ms, Ms, Ms, Ms, Ms, Ms, Ms, Ms, Ms, Ms, Ms, Ms, Ms, Ms, Ms, Ms, Ms, Ms, Ms, Ms, Ms, Ms, Ms, Ms, Ms, Ms, Ms, Ms, Ms, Ms, Ms, Ms, Ms, Ms, Ms, Ms, Ms, Ms, Ms, Ms, Ms, Ms, Ms, Ms, Ms, Ms, Ms, Ms, Ms, Aa, Ms, Ms, Ms, Ms, Ms, Ms, Ms, Ms, Ms, Ms, Ms, Aa, Rb, Aa, Aa, Ms, Ms, Ms, Ms, Ms, Ms, Ms, Ms, Ms, Ms, Ms, Ms, Ms, Ms, Ms, Ms, Ms, Ms, Ms, Ms, Ms, Ms
Md, Md, Md, Ms, Ms, Ms, Ms, Ms, Ms, Ms, Ms, Ms, Ms, Ms, Ms, Ms, Ms, Ms, Ms, Ms, Ms, Ms, Ms, Ms, Ms, Ms, Ms, Ms, Aa, Aa, Aa, Ms, Aa, Rb, Ms, Ha^Vhha, Ms, Ms, Ms, Ms, Ms, Ms, Ms, Ms, Ms, Ms, Ms, Ms, Ms, Ms, Ms, Ms, Ms, Ms, Ms, Ms, Ms, Ms, Ms, Ms, Ms, Ms, Ms, Ms, Ms, Ms, Ms, Ms, Ms, Ms, Ms, Ms, Ms, Ms, Ms, Ms, Ms, Ms, Ms, Ms, Ms, Ms, Ms, Ms, Ms, Ms, Ms, Ms, Ms, Ms, Ms, Ms, Rb, Ms, Ms, Ms, Ms, Ms, Ms, Ms, Ms, Ms, Ms, Ms, Aa, Rb, Aa, Ms, Ms, Ms, Ms, Ms, Ms, Ms, Ms, Ms, Ms, Ms, Ms, Ms, Ms, Ms, Ms, Ms, Ms, Ms, Ms, Ms, Ms, Ms
Rb, Md, Md, Md, Ms, Ms, Ms, Ms, Ms, Ms, Ms, Ms, Ms, Ms, Aa, Ms, Aa, Aa, Aa, Aa, Aa, Aa, Aa, Aa, Aa, Aa, Rb, Rb, Rb, Aa, Rb, Aa, Rb, Aa, Ms, Ms, Ms, Ms, Ms, Ms, Ms, Ms, Ms, Ms, Ms, Ms, Ms, Ms, Ms, Ms, Ms, Ms, Ms, Ms, Ms, Ms, Ms, Ms, Ms, Ms, Ms, Ms, Ms, Ms, Ms, Ms, Ms, Ms, Ms, Ms, Ms, Ms, Ms, Ms, Ms, Ms, Ms, Ms, Ms, Ms, Ms, Ms, Ms, Ms, Ms, Ms, Ms, Ms, Ms, Ms, Ms, Ms, Rb, Ms, Ms, Ms, Ms, Ms, Ms, Ms, Ms, Ms, Ms, Ms, Aa, Rb, Aa, Ms, Ms, Ms, Ms, Ms, Ms, Ms, Ms, Ms, Ms, Ms, Ms, Ms, Ms, Ms, Ms, Ms, Ms, Ms, Ms, Ms, Ms, Ms
Rb, Rb, Rb, Md, Md, Ms, Ms, Ms, Ms, Ms, Ms, Ms, Aa, Aa, Rb, Aa, Aa, Rb, Rb, Rb, Rb, Rb, Aa, Aa, Rb, Rb, Aa, Aa, Aa, Rb, Aa, Aa, Ms, Ms, Ms, Ms, Ms, Ms, Ms, Ms, Ms, Ms, Ms, Ms, Ms, Ms, Ms, Ms, Ms, Ms, Ms, Ms, Ms, Ms, Ms, Ms, Ms, Ms, Ms, Ms, Ms, Ms, Ms, Ms, Ms, Ms, Ms, Ms, Ms, Ms, Ms, Ms, Ms, Ms, Ms, Ms, Ms, Ms, Ms, Ms, Ms, Ms, Ms, Ms, Ms, Ms, Ms, Ms, Ms, Ms, Ms, Ms, Rb, Ms, Ms, Ms, Ms, Ms, Ms, Ms, Ms, Ms, Ms, Ms, Aa, Aa, Aa, Ms, Ms, Ms, Ms, Ms, Ms, Ms, Ms, Ms, Ms, Ms, Ms, Ms, Ms, Ms, Ms, Ms, Ms, Ms, Ms, Ms, Ms, Ms
Rb, Rb, Rb, Md, Md, Md, Ms, Ms, Ms, Ms, Aa, Ha^Vhha, Rb, Rb, Rb, Rb, Aa, Aa, Aa, Aa, Aa, Rb, Aa, Aa, Rb, Aa, Aa, Aa, Ms, Ms, Ms, Ms, Ms, Ms, Ms, Ms, Ms, Ms, Ms, Ms, Ms, Ms, Ms, Ms, Ms, Ms, Ms, Ms, Ms, Ms, Ms, Ms, Ms, Ms, Ms, Ms, Ms, Ms, Ms, Ms, Ms, Ms, Ms, Ms, Ms, Ms, Ms, Ms, Ms, Ms, Ms, Ms, Ms, Ms, Ms, Ms, Ms, Ms, Ms, Ms, Ms, Ms, Ms, Ms, Ms, Ms, Ms, Ms, Ms, Ms, Ms, Ms, Rb, Ms, Aa^Voa, Ms, Ms, Ms, Ms, Ms, Ms, Ms, Ms, Rb, Rb, Aa, Aa, Ms, Ms, Ms, Ms, Ms, Ms, Ms, Ms, Ms, Ms, Ms, Ms, Ms, Ms, Ms, Ms, Ms, Ms, Ms, Ms, Ms, Ms, Ms
Rb, Rb, Rb, Md, Aa, Md, Aa, Aa, Aa, Aa, Aa, Rb, Aa, Rb, Aa, Aa, Ms, Ms, Ms, Ms, Ms, Ms, Ms, Ms, Ms, Ms, Ms, Ms, Ms, Ms, Ms, Ms, Ms, Ms, Ms, Ms, Ms, Ms, Ms, Ms, Ms, Ms, Ms, Ms, Ms, Ms, Ms, Ms, Ms, Ms, Ms, Ms, Ms, Ms, Ms, Ms, Ms, Ms, Ms, Ms, Ms, Ms, Ms, Ms, Ms, Ms, Ms, Ms, Ms, Ms, Ms, Ms, Ms, Ms, Ms, Ms, Ms, Ms, Ms, Ms, Ms, Ms, Ms, Ms, Ms, Ms, Ms, Ms, Ms, Ms, Ms, Ms, Ms, Aa, Coa, Ms, Ms, Ms, Rb, Rb, Aa, Aa, Rb, Rb, Aa, Rb, Ms, Ms, Ms, Ms, Ms, Ms, Ms, Ms, Ms, Ms, Ms, Ms, Ms, Ms, Ms, Ms, Ms, Ms, Ms, Ms, Ms, Ms, Ms, Ms
Rb, Rb, Rb, Rb, Rb, Aa, Aa, Rb, Rb, Rb, Aa, Aa, Aa, Ms, Ms, Ms, Ms, Ms, Ms, Ms, Ms, Ms, Ms, Ms, Ms, Ms, Ms, Ms, Ms, Ms, Ms, Ms, Ms, Ms, Ms, Ms, Ms, Ms, Ms, Ms, Ms, Ms, Ms, Ms, Ms, Ms, Ms, Ms, Ms, Ms, Ms, Ms, Ms, Ms, Ms, Ms, Ms, Ms, Ms, Ms, Ms, Ms, Ms, Ms, Ms, Ms, Ms, Ms, Ms, Ms, Ms, Ms, Ms, Ms, Ms, Ms, Ms, Ms, Ms, Ms, Ms, Ms, Ms, Ms, Ms, Ms, Ms, Ms, Ms, Ms, Ms, Ms, Aa^Voa, Coa, Koa, Coa, Aa^Voa, Ms, Aa, Aa, Rb, Aa, Aa, Aa, Ms, Ms, Ms, Ms, Ms, Ms, Ms, Ms, Ms, Ms, Ms, Ms, Ms, Ms, Ms, Ms, Ms, Ms, Ms, Ms, Ms, Ms, Ms, Ms, Ms, Ms
Rb, Rb, Rb, Rb, Aa, Rb, Aa, Aa, Aa, Aa, Ms, Aa, Ms, Ms, Ms, Ms, Ms, Ms, Ms, Ms, Ms, Ms, Ms, Ms, Ms, Ms, Ms, Ms, Ms, Ms, Ms, Ms, Ms, Ms, Ms, Ms, Ms, Ms, Ms, Ms, Ms, Ms, Ms, Ms, Ms, Ms, Ms, Ms, Ms, Ms, Ms, Ms, Ms, Ms, Ms, Ms, Ms, Ms, Ms, Ms, Ms, Ms, Ms, Ms, Ms, Ms, Ms, Ms, Ms, Ms, Ms, Ms, Ms, Ms, Ms, Ms, Ms, Ms, Ms, Ms, Ms, Ms, Ms, Ms, Ms, Ms, Ms, Ms, Ms, Ms, Ms, Ms, Ms, Coa, Coa, Coa, Aa, Aa, Rb, Rb, Rb, Aa, Ms, Ms, Ms, Ms, Ms, Ms, Ms, Ms, Ms, Ms, Ms, Ms, Ms, Ms, Ms, Ms, Ms, Ms, Ms, Ms, Ms, Ms, Ms, Ms, Ms, Ms, Ms, Ms
Rb, Rb, Rb, Rb, Md, Aa, Ms, Ms, Ms, Ms, Ms, Ms, Ms, Ms, Ms, Ms, Ms, Ms, Ms, Ms, Ms, Ms, Ms, Ms, Ms, Ms, Ms, Ms, Ms, Ms, Ms, Ms, Ms, Ms, Ms, Ms, Ms, Ms, Ms, Ms, Ms, Ms, Ms, Ms, Ms, Ms, Ms, Ms, Ms, Ms, Ms, Ms, Ms, Ms, Ms, Ms, Ms, Ms, Ms, Ms, Ms, Ms, Ms, Ms, Ms, Ms, Ms, Ms, Ms, Ms, Ms, Ms, Ms, Ms, Ms, Ms, Ms, Ms, Ms, Ms, Ms, Ms, Ms, Ms, Ms, Ms, Ms, Ms, Ms, Ms, Ms, Ms, Aa, Aa, Aa, Aa, Aa^Voa, Aa, Ms, Ms, Ms, Ms, Ms, Ms, Ms, Ms, Ms, Ms, Ms, Ms, Ms, Ms, Ms, Ms, Ms, Ms, Ms, Ms, Ms, Ms, Ms, Ms, Ms, Ms, Ms, Ms, Ms, Ms, Ms, Ms
Rb, Rb, Md, Md, Ms, Ms, Ms, Ms, Ms, Ms, Ms, Ms, Ms, Ms, Ms, Ms, Ms, Ms, Ms, Ms, Ms, Ms, Ms, Ms, Ms, Ms, Ms, Ms, Ms, Ms, Ms, Ms, Ms, Ms, Ms, Ms, Ms, Ms, Ms, Ms, Ms, Ms, Ms, Ms, Ms, Ms, Ms, Ms, Ms, Ms, Ms, Ms, Ms, Ms, Ms, Ms, Ms, Ms, Ms, Ms, Ms, Ms, Ms, Ms, Ms, Ms, Ms, Ms, Ms, Ms, Ms, Ms, Ms, Ms, Ms, Ms, Ms, Ms, Ms, Ms, Ms, Ms, Ms, Ms, Ms, Ms, Ms, Ms, Ms, Ms, Ms, Ms, Rb, Aa, Rb, Ms, Ms, Ms, Ms, Ms, Ms, Ms, Ms, Ms, Ms, Ms, Ms, Ms, Ms, Ms, Ms, Ms, Ms, Ms, Ms, Ms, Ms, Ms, Ms, Ms, Ms, Ms, Ms, Ms, Ms, Ms, Ms, Ms, Ms, Ms
Rb, Rb, Md, Md, Ms, Ms, Ms, Ms, Ms, Ms, Ms, Ms, Ms, Ms, Ms, Ms, Ms, Ms, Ms, Ms, Ms, Ms, Ms, Ms, Ms, Ms, Ms, Ms, Ms, Ms, Ms, Ms, Ms, Ms, Ms, Ms, Ms, Ms, Ms, Ms, Ms, Ms, Ms, Ms, Ms, Ms, Ms, Ms, Ms, Ms, Ms, Ms, Ms, Ms, Ms, Ms, Ms, Ms, Ms, Ms, Ms, Ms, Ms, Ms, Ms, Ms, Ms, Ms, Ms, Ms, Ms, Ms, Ms, Ms, Ms, Ms, Ms, Ms, Ms, Ms, Ms, Ms, Aa, Ms, Rb, Aa, Rb, Aa, Rb, Aa, Rb, Aa, Aa, Rb, Aa, Ms, Ms, Ms, Ms, Ms, Ms, Ms, Ms, Ms, Ms, Ms, Ms, Ms, Ms, Ms, Ms, Ms, Ms, Ms, Ms, Ms, Ms, Ms, Ms, Ms, Ms, Ms, Ms, Ms, Ms, Ms, Ms, Ms, Ms, Ms
Rb, Md, Md, Md, Ms, Ms, Ms, Ms, Ms, Ms, Ms, Ms, Ms, Ms, Ms, Ms, Ms, Ms, Ms, Ms, Ms, Ms, Ms, Ms, Ms, Ms, Ms, Ms, Ms, Ms, Ms, Ms, Ms, Ms, Ms, Ms, Ms, Ms, Ms, Ms, Ms, Ms, Ms, Ms, Ms, Ms, Ms, Ms, Ms, Ms, Ms, Ms, Ms, Ms, Ms, Ms, Ms, Ms, Ms, Ms, Ms, Ms, Ms, Ms, Ms, Ms, Ms, Ms, Ms, Ms, Ms, Ms, Ms, Ms, Ms, Ms, Ms, Ms, Aa, Aa, Aa, Aa, Rb, Aa, Aa, Rb, Aa, Aa, Aa, Rb, Aa, Aa, Ms, Aa, Ms, Ms, Ms, Ms, Ms, Ms, Ms, Ms, Ms, Ms, Ms, Ms, Ms, Ms, Ms, Ms, Ms, Ms, Ms, Ms, Ms, Ms, Ms, Ms, Ms, Ms, Ms, Ms, Ms, Ms, Ms, Ms, Ms, Ms, Ms, Ms
Md, Md, Ms, Ms, Ms, Ms, Ms, Ms, Ms, Ms, Ms, Ms, Ms, Ms, Ms, Ms, Ms, Ms, Ms, Ms, Ms, Ms, Ms, Ms, Ms, Ms, Ms, Ms, Ms, Ms, Ms, Ms, Ms, Ms, Ms, Ms, Ms, Ms, Ms, Ms, Ms, Ms, Ms, Ms, Ms, Ms, Ms, Ms, Ms, Ms, Ms, Ms, Ms, Ms, Ms, Ms, Ms, Ms, Ms, Ms, Ms, Ms, Ms, Ms, Ms, Ms, Ms, Ms, Ms, Ms, Ms, Ms, Ms, Ms, Ms, Ms, Aa, Rb, Rb, Rb, Aa, Rb, Aa, Ms, Ms, Ms, Ms, Ms, Ms, Ms, Ms, Ms, Ms, Ms, Ms, Ms, Ms, Ms, Ms, Ms, Ms, Ms, Ms, Ms, Ms, Ms, Ms, Ms, Ms, Ms, Ms, Ms, Ms, Ms, Ms, Ms, Ms, Ms, Ms, Ms, Ms, Ms, Ms, Ms, Ms, Ms, Ms, Ms, Ms, Ms
Ms, Ms, Ms, Ms, Ms, Ms, Ms, Ms, Ms, Ms, Ms, Ms, Ms, Ms, Ms, Ms, Ms, Ms, Ms, Ms, Ms, Ms, Ms, Ms, Ms, Ms, Ms, Ms, Ms, Ms, Ms, Ms, Ms, Ms, Ms, Ms, Ms, Ms, Ms, Ms, Ms, Ms, Ms, Ms, Ms, Ms, Ms, Ms, Ms, Ms, Ms, Ms, Ms, Ms, Ms, Ms, Ms, Ms, Ms, Ms, Ms, Ms, Ms, Ms, Ms, Ms, Ms, Ms, Ms, Ms, Aa, Ms, Aa, Ms, Aa, Aa, Rb, Aa, Aa, Aa, Ms, Aa, Ms, Ms, Ms, Ms, Ms, Ms, Ms, Ms, Ms, Ms, Ms, Ms, Ms, Ms, Ms, Ms, Ms, Ms, Ms, Ms, Ms, Ms, Ms, Ms, Ms, Ms, Ms, Ms, Ms, Ms, Ms, Ms, Ms, Ms, Ms, Ms, Ms, Ms, Ms, Ms, Ms, Ms, Ms, Ms, Ms, Ms, Ms, Ms
Ms, Ms, Ms, Ms, Ms, Ms, Ms, Ms, Ms, Ms, Ms, Ms, Ms, Ms, Ms, Ms, Ms, Ms, Ms, Ms, Ms, Ms, Ms, Ms, Ms, Ms, Ms, Ms, Ms, Ms, Ms, Ms, Ms, Ms, Ms, Ms, Ms, Ms, Ms, Ms, Ms, Ms, Ms, Ms, Ms, Ms, Ms, Ms, Ms, Ms, Ms, Ms, Ms, Ms, Ms, Ms, Ms, Ms, Ms, Ms, Ms, Ms, Ms, Ms, Ms, Ms, Ms, Ms, Aa, Aa, Aa, Aa, Aa, Rb, Rb, Rb, Ms, Ms, Ms, Ms, Ms, Ms, Ms, Ms, Ms, Ms, Ms, Ms, Ms, Ms, Ms, Ms, Ms, Ms, Ms, Ms, Ms, Ms, Ms, Ms, Ms, Ms, Ms, Ms, Ms, Ms, Ms, Ms, Ms, Ms, Ms, Ms, Ms, Ms, Ms, Ms, Ms, Ms, Ms, Ms, Ms, Ms, Ms, Ms, Ms, Ms, Ms, Ms, Ms, Ms
Ms, Ms, Ms, Ms, Ms, Ms, Ms, Ms, Ms, Ms, Ms, Ms, Ms, Ms, Ms, Ms, Ms, Ms, Ms, Ms, Ms, Ms, Ms, Ms, Ms, Ms, Ms, Ms, Ms, Ms, Ms, Ms, Ms, Ms, Ms, Ms, Ms, Ms, Ms, Ms, Ms, Ms, Ms, Ms, Ms, Ms, Ms, Ms, Ms, Ms, Ms, Ms, Ms, Ms, Ms, Ms, Ms, Ms, Ms, Ms, Ms, Ms, Aa, Aa, Aa, Ms, Ha^Vhha, Ha^Vhha, Aa, Aa, Rb, Rb, Aa, Aa, Ms, Ms, Ms, Ms, Ms, Ms, Ms, Ms, Ms, Ms, Ms, Ms, Ms, Ms, Ms, Ms, Ms, Ms, Ms, Ms, Ms, Ms, Ms, Ms, Ms, Ms, Ms, Ms, Ms, Ms, Ms, Ms, Ms, Ms, Ms, Ms, Ms, Ms, Ms, Ms, Ms, Ms, Ms, Ms, Ms, Ms, Ms, Ms, Ms, Ms, Ms, Ms, Ms, Ms, Ms, Ms
Ms, Ms, Ms, Ms, Ms, Ms, Ms, Ms, Ms, Ms, Ms, Ms, Ms, Ms, Ms, Ms, Ms, Ms, Ms, Ms, Ms, Ms, Ms, Ms, Ms, Ms, Ms, Ms, Ms, Ms, Ms, Ms, Ms, Ms, Ms, Ms, Ms, Ms, Ms, Ms, Ms, Ms, Ms, Ms, Ms, Ms, Ms, Ms, Ms, Ms, Ms, Ms, Ms, Ms, Ms, Ms, Ms, Ms, Ms, Ms, Ms, Ms, Rb, Aa, Rb, Aa, Aa, Rb, Rb, Aa, Aa, Aa, Ms, Ms, Ms, Ms, Ms, Ms, Ms, Ms, Ms, Ms, Ms, Ms, Ms, Ms, Ms, Ms, Ms, Ms, Ms, Ms, Ms, Ms, Ms, Ms, Ms, Ms, Ms, Ms, Ms, Ms, Ms, Ms, Ms, Ms, Ms, Ms, Ms, Ms, Ms, Ms, Ms, Ms, Ms, Ms, Ms, Ms, Ms, Ms, Ms, Ms, Ms, Ms, Ms, Ms, Ms, Ms, Ms, Ms
Ms, Ms, Ms, Ms, Ms, Ms, Ms, Ms, Ms, Ms, Ms, Ms, Ms, Ms, Ms, Ms, Ms, Ms, Ms, Ms, Ms, Ms, Ms, Ms, Ms, Ms, Ms, Ms, Ms, Ms, Ms, Ms, Ms, Ms, Ms, Ms, Ms, Ms, Ms, Ms, Ms, Ms, Ms, Ms, Ms, Ms, Ms, Ms, Ms, Ms, Ms, Ms, Ms, Ms, Ms, Ms, Ms, Ms, Ms, Ms, Ms, Aa, Aa, Aa, Aa, Aa, Aa, Rb, Ms, Ms, Ms, Ms, Ms, Ms, Ms, Ms, Ms, Ms, Ms, Ms, Ms, Ms, Ms, Ms, Ms, Ms, Ms, Ms, Ms, Ms, Ms, Ms, Ms, Ms, Ms, Ms, Ms, Ms, Ms, Ms, Ms, Ms, Ms, Ms, Ms, Ms, Ms, Ms, Ms, Ms, Ms, Ms, Ms, Ms, Ms, Ms, Ms, Ms, Ms, Ms, Ms, Ms, Ms, Ms, Ms, Ms, Ms, Ms, Ms, Ms
Ms, Ms, Ms, Ms, Ms, Ms, Ms, Ms, Ms, Ms, Ms, Ms, Ms, Ms, Ms, Ms, Ms, Ms, Ms, Ms, Ms, Ms, Ms, Ms, Ms, Ms, Ms, Ms, Ms, Ms, Ms, Ms, Ms, Ms, Ms, Ms, Ms, Ms, Ms, Ms, Ms, Ms, Ms, Ms, Ms, Ms, Ms, Ms, Ms, Ms, Ms, Ms, Ms, Ms, Ms, Ms, Ms, Ms, Ms, Ms, Ms, Aa, Aa, Aa, Aa, Ms, Ms, Ms, Ms, Ms, Ms, Ms, Ms, Ms, Ms, Ms, Ms, Ms, Ms, Ms, Ms, Ms, Ms, Ms, Ms, Ms, Ms, Ms, Ms, Ms, Ms, Ms, Ms, Ms, Ms, Ms, Ms, Ms, Ms, Ms, Ms, Ms, Aa, Ms, Ms, Ms, Ms, Ms, Ms, Ms, Ms, Ms, Ms, Ms, Ms, Ms, Ms, Ms, Ms, Ms, Ms, Ms, Ms, Ms, Ms, Ms, Ms, Ms, Ms, Ms
